2025-03-06 17:44:52,222 masks.py DEBUG: Debug message
2025-03-06 17:44:52,242 masks.py INFO: Выполняется проверка номера аккаунта
2025-03-06 17:44:52,242 masks.py INFO: Номер аккаунта успешно замаскирован
2025-03-06 17:44:52,242 masks.py INFO: Выполняется проверка на корректность номера карты
2025-03-06 17:44:52,243 masks.py INFO: Номер карты успешно замаскирован
2025-03-06 17:44:52,261 masks.py INFO: Выполняется проверка на корректность номера карты
2025-03-06 17:44:52,261 masks.py INFO: Номер карты успешно замаскирован
2025-03-06 17:44:52,263 masks.py INFO: Выполняется проверка на корректность номера карты
2025-03-06 17:44:52,263 masks.py INFO: Номер карты успешно замаскирован
2025-03-06 17:44:52,264 masks.py INFO: Выполняется проверка на корректность номера карты
2025-03-06 17:44:52,265 masks.py ERROR: Ошибка: Некорректная длина номера карты
2025-03-06 17:44:52,353 masks.py INFO: Выполняется проверка номера аккаунта
2025-03-06 17:44:52,353 masks.py INFO: Номер аккаунта успешно замаскирован
2025-03-06 17:44:52,354 masks.py INFO: Выполняется проверка номера аккаунта
2025-03-06 17:44:52,354 masks.py INFO: Номер аккаунта успешно замаскирован
2025-03-06 17:44:52,356 masks.py INFO: Выполняется проверка номера аккаунта
2025-03-06 17:44:52,356 masks.py ERROR: Ошибка: Некорректная длина номера аккаунта
2025-03-06 17:44:52,390 masks.py INFO: Выполняется проверка на корректность номера карты
2025-03-06 17:44:52,390 masks.py INFO: Номер карты успешно замаскирован
2025-03-06 17:44:52,392 masks.py INFO: Выполняется проверка на корректность номера карты
2025-03-06 17:44:52,392 masks.py INFO: Номер карты успешно замаскирован
2025-03-06 17:44:52,393 masks.py INFO: Выполняется проверка номера аккаунта
2025-03-06 17:44:52,393 masks.py INFO: Номер аккаунта успешно замаскирован
2025-03-06 17:44:52,395 masks.py INFO: Выполняется проверка на корректность номера карты
2025-03-06 17:44:52,395 masks.py INFO: Номер карты успешно замаскирован
2025-03-06 17:44:52,396 masks.py INFO: Выполняется проверка на корректность номера карты
2025-03-06 17:44:52,396 masks.py INFO: Номер карты успешно замаскирован
2025-03-06 17:44:52,399 masks.py INFO: Выполняется проверка на корректность номера карты
2025-03-06 17:44:52,399 masks.py INFO: Номер карты успешно замаскирован
2025-03-06 17:44:52,401 masks.py INFO: Выполняется проверка номера аккаунта
2025-03-06 17:44:52,401 masks.py INFO: Номер аккаунта успешно замаскирован
